#
# There is insufficient memory for the Java Runtime Environment to continue.
# Native memory allocation (malloc) failed to allocate 1198896 bytes for Chunk::new
# Possible reasons:
#   The system is out of physical RAM or swap space
#   The process is running with CompressedOops enabled, and the Java Heap may be blocking the growth of the native heap
# Possible solutions:
#   Reduce memory load on the system
#   Increase physical memory or swap space
#   Check if swap backing store is full
#   Decrease Java heap size (-Xmx/-Xms)
#   Decrease number of Java threads
#   Decrease Java thread stack sizes (-Xss)
#   Set larger code cache with -XX:ReservedCodeCacheSize=
#   JVM is running with Unscaled Compressed Oops mode in which the Java heap is
#     placed in the first 4GB address space. The Java Heap base address is the
#     maximum limit for the native heap growth. Please use -XX:HeapBaseMinAddress
#     to set the Java Heap base and to place the Java Heap above 4GB virtual address.
# This output file may be truncated or incomplete.
#
#  Out of Memory Error (arena.cpp:189), pid=92808, tid=68556
#
# JRE version: OpenJDK Runtime Environment Temurin-17.0.4.1+1 (17.0.4.1+1) (build 17.0.4.1+1)
# Java VM: OpenJDK 64-Bit Server VM Temurin-17.0.4.1+1 (17.0.4.1+1, mixed mode, tiered, compressed oops, compressed class ptrs, parallel gc, windows-amd64)
# No core dump will be written. Minidumps are not enabled by default on client versions of Windows
#

---------------  S U M M A R Y ------------

Command Line: --add-modules=ALL-SYSTEM --add-opens=java.base/java.util=ALL-UNNAMED --add-opens=java.base/java.lang=ALL-UNNAMED --add-opens=java.base/sun.nio.fs=ALL-UNNAMED -Declipse.application=org.eclipse.jdt.ls.core.id1 -Dosgi.bundles.defaultStartLevel=4 -Declipse.product=org.eclipse.jdt.ls.core.product -Djava.import.generatesMetadataFilesAtProjectRoot=false -Dfile.encoding=utf8 -XX:+UseParallelGC -XX:GCTimeRatio=4 -XX:AdaptiveSizePolicyWeight=90 -Dsun.zip.disableMemoryMapping=true -Xmx1G -Xms100m -Xlog:disable -javaagent:c:\Users\prath\.antigravity\extensions\redhat.java-1.12.0-win32-x64\lombok\lombok-1.18.24.jar -XX:+HeapDumpOnOutOfMemoryError -XX:HeapDumpPath=c:\Users\prath\AppData\Roaming\Antigravity\User\workspaceStorage\213774be42486f52675722a95d6b3a0b\redhat.java c:\Users\prath\.antigravity\extensions\redhat.java-1.12.0-win32-x64\server\plugins\org.eclipse.equinox.launcher_1.6.400.v20210924-0641.jar -configuration c:\Users\prath\AppData\Roaming\Antigravity\User\globalStorage\redhat.java\1.12.0\config_win -data c:\Users\prath\AppData\Roaming\Antigravity\User\workspaceStorage\213774be42486f52675722a95d6b3a0b\redhat.java\jdt_ws

Host: 13th Gen Intel(R) Core(TM) i5-1335U, 12 cores, 11G,  Windows 11 , 64 bit Build 26100 (10.0.26100.7920)
Time: Fri Apr  3 08:44:21 2026 India Standard Time elapsed time: 54.157589 seconds (0d 0h 0m 54s)

---------------  T H R E A D  ---------------

Current thread (0x0000023f60566a50):  JavaThread "C2 CompilerThread1" daemon [_thread_in_native, id=68556, stack(0x000000edeae00000,0x000000edeaf00000)]


Current CompileTask:
C2:  54157 6492       4       java.lang.invoke.MethodType::makeImpl (109 bytes)

Stack: [0x000000edeae00000,0x000000edeaf00000]
Native frames: (J=compiled Java code, j=interpreted, Vv=VM code, C=native code)
V  [jvm.dll+0x67731a]
V  [jvm.dll+0x832284]
V  [jvm.dll+0x833a2e]
V  [jvm.dll+0x834093]
V  [jvm.dll+0x245775]
V  [jvm.dll+0xabd7b]
V  [jvm.dll+0xac30c]
V  [jvm.dll+0x363a42]
V  [jvm.dll+0x32e011]
V  [jvm.dll+0x32d4ba]
V  [jvm.dll+0x218681]
V  [jvm.dll+0x217aa1]
V  [jvm.dll+0x1a3f8d]
V  [jvm.dll+0x227498]
V  [jvm.dll+0x2255e5]
V  [jvm.dll+0x7e7e9b]
V  [jvm.dll+0x7e240a]
V  [jvm.dll+0x6761a5]
C  [ucrtbase.dll+0x37b0]
C  [KERNEL32.DLL+0x2e8d7]
C  [ntdll.dll+0x8c48c]


---------------  P R O C E S S  ---------------

Threads class SMR info:
_java_thread_list=0x0000023f6571e320, length=29, elements={
0x0000023f4a97fb90, 0x0000023f5e7f7cd0, 0x0000023f5e7f9860, 0x0000023f602b4d40,
0x0000023f4aa383d0, 0x0000023f4aa38c90, 0x0000023f4aa3d570, 0x0000023f4aa3e160,
0x0000023f602f8710, 0x0000023f60351a60, 0x0000023f6036bfd0, 0x0000023f605c4020,
0x0000023f62ca4350, 0x0000023f61e4bea0, 0x0000023f61aeda00, 0x0000023f61aeed40,
0x0000023f61aeded0, 0x0000023f61aef210, 0x0000023f61aee870, 0x0000023f61aefbb0,
0x0000023f61aed060, 0x0000023f61af0080, 0x0000023f61af0550, 0x0000023f61af0a20,
0x0000023f61aed530, 0x0000023f63af0a00, 0x0000023f63af4d60, 0x0000023f60566a50,
0x0000023f63af13a0
}

Java Threads: ( => current thread )
  0x0000023f4a97fb90 JavaThread "main" [_thread_blocked, id=98776, stack(0x000000ede8b00000,0x000000ede8c00000)]
  0x0000023f5e7f7cd0 JavaThread "Reference Handler" daemon [_thread_blocked, id=59480, stack(0x000000ede8e00000,0x000000ede8f00000)]
  0x0000023f5e7f9860 JavaThread "Finalizer" daemon [_thread_blocked, id=101280, stack(0x000000ede8f00000,0x000000ede9000000)]
  0x0000023f602b4d40 JavaThread "Signal Dispatcher" daemon [_thread_blocked, id=93544, stack(0x000000ede9000000,0x000000ede9100000)]
  0x0000023f4aa383d0 JavaThread "Attach Listener" daemon [_thread_blocked, id=101852, stack(0x000000ede9100000,0x000000ede9200000)]
  0x0000023f4aa38c90 JavaThread "Service Thread" daemon [_thread_blocked, id=41256, stack(0x000000ede9200000,0x000000ede9300000)]
  0x0000023f4aa3d570 JavaThread "Monitor Deflation Thread" daemon [_thread_blocked, id=79852, stack(0x000000ede9300000,0x000000ede9400000)]
  0x0000023f4aa3e160 JavaThread "C2 CompilerThread0" daemon [_thread_blocked, id=64952, stack(0x000000ede9400000,0x000000ede9500000)]
  0x0000023f602f8710 JavaThread "C1 CompilerThread0" daemon [_thread_in_vm, id=22088, stack(0x000000ede9500000,0x000000ede9600000)]
  0x0000023f60351a60 JavaThread "Sweeper thread" daemon [_thread_blocked, id=99684, stack(0x000000ede9600000,0x000000ede9700000)]
  0x0000023f6036bfd0 JavaThread "Common-Cleaner" daemon [_thread_blocked, id=72300, stack(0x000000ede9700000,0x000000ede9800000)]
  0x0000023f605c4020 JavaThread "Notification Thread" daemon [_thread_blocked, id=73104, stack(0x000000ede9800000,0x000000ede9900000)]
  0x0000023f62ca4350 JavaThread "Active Thread: Equinox Container: eaf2f6b1-197e-4a88-81d3-2dc46d454746" [_thread_blocked, id=91880, stack(0x000000ede9f00000,0x000000edea000000)]
  0x0000023f61e4bea0 JavaThread "Framework Event Dispatcher: Equinox Container: eaf2f6b1-197e-4a88-81d3-2dc46d454746" daemon [_thread_blocked, id=106296, stack(0x000000edea000000,0x000000edea100000)]
  0x0000023f61aeda00 JavaThread "Start Level: Equinox Container: eaf2f6b1-197e-4a88-81d3-2dc46d454746" daemon [_thread_blocked, id=104656, stack(0x000000edea100000,0x000000edea200000)]
  0x0000023f61aeed40 JavaThread "SCR Component Actor" daemon [_thread_blocked, id=79988, stack(0x000000edea200000,0x000000edea300000)]
  0x0000023f61aeded0 JavaThread "Bundle File Closer" daemon [_thread_blocked, id=94704, stack(0x000000edea600000,0x000000edea700000)]
  0x0000023f61aef210 JavaThread "Worker-JM" [_thread_blocked, id=92008, stack(0x000000edea900000,0x000000edeaa00000)]
  0x0000023f61aee870 JavaThread "Worker-0: Validate documents" [_thread_in_native, id=104792, stack(0x000000edeaa00000,0x000000edeab00000)]
  0x0000023f61aefbb0 JavaThread "Worker-1: Initialize workspace" [_thread_blocked, id=78740, stack(0x000000edeab00000,0x000000edeac00000)]
  0x0000023f61aed060 JavaThread "Worker-2" [_thread_blocked, id=4572, stack(0x000000edeac00000,0x000000edead00000)]
  0x0000023f61af0080 JavaThread "Worker-3" [_thread_blocked, id=79052, stack(0x000000edead00000,0x000000edeae00000)]
  0x0000023f61af0550 JavaThread "Java indexing" daemon [_thread_blocked, id=103604, stack(0x000000edeaf00000,0x000000edeb000000)]
  0x0000023f61af0a20 JavaThread "JNA Cleaner" daemon [_thread_blocked, id=98128, stack(0x000000edeb000000,0x000000edeb100000)]
  0x0000023f61aed530 JavaThread "pool-2-thread-1" [_thread_blocked, id=33644, stack(0x000000edeb300000,0x000000edeb400000)]
  0x0000023f63af0a00 JavaThread "pool-1-thread-1" [_thread_in_native, id=105240, stack(0x000000edeb400000,0x000000edeb500000)]
  0x0000023f63af4d60 JavaThread "Keep-Alive-Timer" daemon [_thread_blocked, id=70356, stack(0x000000edec100000,0x000000edec200000)]
=>0x0000023f60566a50 JavaThread "C2 CompilerThread1" daemon [_thread_in_native, id=68556, stack(0x000000edeae00000,0x000000edeaf00000)]
  0x0000023f63af13a0 JavaThread "ForkJoinPool.commonPool-worker-1" daemon [_thread_blocked, id=95324, stack(0x000000edec200000,0x000000edec300000)]

Other Threads:
  0x0000023f4aa35c90 VMThread "VM Thread" [stack: 0x000000ede8d00000,0x000000ede8e00000] [id=66928]
  0x0000023f605ec650 WatcherThread [stack: 0x000000ede9900000,0x000000ede9a00000] [id=71928]
  0x0000023f4a994390 GCTaskThread "GC Thread#0" [stack: 0x000000ede8c00000,0x000000ede8d00000] [id=98988]
  0x0000023f61d056e0 GCTaskThread "GC Thread#1" [stack: 0x000000ede9a00000,0x000000ede9b00000] [id=100356]
  0x0000023f61f37e60 GCTaskThread "GC Thread#2" [stack: 0x000000ede9b00000,0x000000ede9c00000] [id=96464]
  0x0000023f61f38110 GCTaskThread "GC Thread#3" [stack: 0x000000ede9c00000,0x000000ede9d00000] [id=35284]
  0x0000023f61f383c0 GCTaskThread "GC Thread#4" [stack: 0x000000ede9d00000,0x000000ede9e00000] [id=100116]
  0x0000023f61f38670 GCTaskThread "GC Thread#5" [stack: 0x000000ede9e00000,0x000000ede9f00000] [id=94860]
  0x0000023f61a00900 GCTaskThread "GC Thread#6" [stack: 0x000000edea300000,0x000000edea400000] [id=82956]
  0x0000023f6042bfe0 GCTaskThread "GC Thread#7" [stack: 0x000000edea400000,0x000000edea500000] [id=98292]
  0x0000023f62c79aa0 GCTaskThread "GC Thread#8" [stack: 0x000000edea700000,0x000000edea800000] [id=97728]
  0x0000023f61faeca0 GCTaskThread "GC Thread#9" [stack: 0x000000edea800000,0x000000edea900000] [id=106436]

Threads with active compile tasks:
C1 CompilerThread0    54317 6694       3       java.util.concurrent.ConcurrentLinkedQueue::offer (120 bytes)
C2 CompilerThread1    54317 6492       4       java.lang.invoke.MethodType::makeImpl (109 bytes)

VM state: not at safepoint (normal execution)

VM Mutex/Monitor currently owned by a thread: None

Heap address: 0x00000000c0000000, size: 1024 MB, Compressed Oops mode: 32-bit

CDS archive(s) not mapped
Compressed class space mapped at: 0x0000000100000000-0x0000000140000000, reserved size: 1073741824
Narrow klass base: 0x0000000000000000, Narrow klass shift: 3, Narrow klass range: 0x140000000

GC Precious Log:
 CPUs: 12 total, 12 available
 Memory: 11999M
 Large Page Support: Disabled
 NUMA Support: Disabled
 Compressed Oops: Enabled (32-bit)
 Alignments: Space 512K, Generation 512K, Heap 2M
 Heap Min Capacity: 100M
 Heap Initial Capacity: 100M
 Heap Max Capacity: 1G
 Pre-touch: Disabled
 Parallel Workers: 10

Heap:
 PSYoungGen      total 19456K, used 17059K [0x00000000eab00000, 0x00000000ebf00000, 0x0000000100000000)
  eden space 18432K, 92% used [0x00000000eab00000,0x00000000ebba8de0,0x00000000ebd00000)
  from space 1024K, 0% used [0x00000000ebd80000,0x00000000ebd80000,0x00000000ebe80000)
  to   space 512K, 0% used [0x00000000ebe80000,0x00000000ebe80000,0x00000000ebf00000)
 ParOldGen       total 68608K, used 33255K [0x00000000c0000000, 0x00000000c4300000, 0x00000000eab00000)
  object space 68608K, 48% used [0x00000000c0000000,0x00000000c2079df0,0x00000000c4300000)
 Metaspace       used 61256K, committed 62208K, reserved 1105920K
  class space    used 6612K, committed 7040K, reserved 1048576K

Card table byte_map: [0x0000023f4a320000,0x0000023f4a530000] _byte_map_base: 0x0000023f49d20000

Marking Bits: (ParMarkBitMap*) 0x00007ffbd0282cc0
 Begin Bits: [0x0000023f5c600000, 0x0000023f5d600000)
 End Bits:   [0x0000023f5d600000, 0x0000023f5e600000)

Polling page: 0x0000023f48810000

Metaspace:

Usage:
  Non-class:     53.36 MB used.
      Class:      6.46 MB used.
       Both:     59.82 MB used.

Virtual space:
  Non-class space:       56.00 MB reserved,      53.88 MB ( 96%) committed,  7 nodes.
      Class space:        1.00 GB reserved,       6.88 MB ( <1%) committed,  1 nodes.
             Both:        1.05 GB reserved,      60.75 MB (  6%) committed. 

Chunk freelists:
   Non-Class:  1.52 MB
       Class:  999.00 KB
        Both:  2.49 MB

MaxMetaspaceSize: unlimited
CompressedClassSpaceSize: 1.00 GB
Initial GC threshold: 21.00 MB
Current GC threshold: 97.31 MB
CDS: off
MetaspaceReclaimPolicy: balanced
 - commit_granule_bytes: 65536.
 - commit_granule_words: 8192.
 - virtual_space_node_default_size: 1048576.
 - enlarge_chunks_in_place: 1.
 - new_chunks_are_fully_committed: 0.
 - uncommit_free_chunks: 1.
 - use_allocation_guard: 0.
 - handle_deallocations: 1.


Internal statistics:

num_allocs_failed_limit: 9.
num_arena_births: 394.
num_arena_deaths: 14.
num_vsnodes_births: 8.
num_vsnodes_deaths: 0.
num_space_committed: 972.
num_space_uncommitted: 0.
num_chunks_returned_to_freelist: 23.
num_chunks_taken_from_freelist: 2570.
num_chunk_merges: 13.
num_chunk_splits: 1645.
num_chunks_enlarged: 1031.
num_purges: 2.
num_inconsistent_stats: 0.

CodeHeap 'non-profiled nmethods': size=120000Kb used=2762Kb max_used=2762Kb free=117237Kb
 bounds [0x0000023f550d0000, 0x0000023f55390000, 0x0000023f5c600000]
CodeHeap 'profiled nmethods': size=120000Kb used=12382Kb max_used=12382Kb free=107617Kb
 bounds [0x0000023f4dba0000, 0x0000023f4e7c0000, 0x0000023f550d0000]
CodeHeap 'non-nmethods': size=5760Kb used=1356Kb max_used=1424Kb free=4404Kb
 bounds [0x0000023f4d600000, 0x0000023f4d870000, 0x0000023f4dba0000]
 total_blobs=6379 nmethods=5685 adapters=608
 compilation: enabled
              stopped_count=0, restarted_count=0
 full_count=0

Compilation events (20 events):
Event: 53.111 Thread 0x0000023f602f8710 6588       3       java.util.regex.Matcher::end (67 bytes)
Event: 53.113 Thread 0x0000023f602f8710 nmethod 6588 0x0000023f4ddc8410 code [0x0000023f4ddc8660, 0x0000023f4ddc8ea8]
Event: 53.113 Thread 0x0000023f602f8710 6592       3       org.eclipse.core.internal.jobs.OrderedLock::isConflicting (9 bytes)
Event: 53.113 Thread 0x0000023f602f8710 nmethod 6592 0x0000023f4ddc8090 code [0x0000023f4ddc8220, 0x0000023f4ddc8398]
Event: 53.113 Thread 0x0000023f602f8710 6590       3       com.google.gson.internal.$Gson$Types::equals (283 bytes)
Event: 53.116 Thread 0x0000023f602f8710 nmethod 6590 0x0000023f4ddc4f90 code [0x0000023f4ddc53e0, 0x0000023f4ddc7ad8]
Event: 53.116 Thread 0x0000023f602f8710 6593       3       org.eclipse.core.internal.resources.WorkspaceRoot::getProject (88 bytes)
Event: 53.119 Thread 0x0000023f602f8710 nmethod 6593 0x0000023f4ddc3890 code [0x0000023f4ddc3b40, 0x0000023f4ddc49a8]
Event: 53.119 Thread 0x0000023f602f8710 6591       3       com.google.gson.stream.JsonWriter::newline (47 bytes)
Event: 53.120 Thread 0x0000023f602f8710 nmethod 6591 0x0000023f4ddc2f90 code [0x0000023f4ddc3160, 0x0000023f4ddc3538]
Event: 53.120 Thread 0x0000023f602f8710 6589       1       java.util.Formatter$FormatSpecifier::index (5 bytes)
Event: 53.120 Thread 0x0000023f602f8710 nmethod 6589 0x0000023f552a2590 code [0x0000023f552a2720, 0x0000023f552a27f8]
Event: 53.132 Thread 0x0000023f602f8710 6596       3       org.eclipse.core.internal.watson.ElementTreeIterator::doIteration (114 bytes)
Event: 53.134 Thread 0x0000023f602f8710 nmethod 6596 0x0000023f4e062c10 code [0x0000023f4e062e00, 0x0000023f4e063648]
Event: 53.134 Thread 0x0000023f602f8710 6597       1       org.eclipse.core.internal.dtree.NoDataDeltaNode::isDelta (2 bytes)
Event: 53.134 Thread 0x0000023f602f8710 nmethod 6597 0x0000023f55213110 code [0x0000023f552132a0, 0x0000023f55213378]
Event: 53.137 Thread 0x0000023f602f8710 6598       3       org.eclipse.core.internal.dtree.DataTreeNode::<init> (12 bytes)
Event: 53.139 Thread 0x0000023f602f8710 nmethod 6598 0x0000023f4e062610 code [0x0000023f4e0627c0, 0x0000023f4e062a98]
Event: 53.139 Thread 0x0000023f602f8710 6599       3       org.eclipse.core.internal.dtree.AbstractDataTreeNode::assembleWith (124 bytes)
Event: 53.141 Thread 0x0000023f602f8710 nmethod 6599 0x0000023f4e061290 code [0x0000023f4e061500, 0x0000023f4e062128]

GC Heap History (20 events):
Event: 46.232 GC heap before
{Heap before GC invocations=21 (full 2):
 PSYoungGen      total 19456K, used 19456K [0x00000000eab00000, 0x00000000ec800000, 0x0000000100000000)
  eden space 18432K, 100% used [0x00000000eab00000,0x00000000ebd00000,0x00000000ebd00000)
  from space 1024K, 100% used [0x00000000ec200000,0x00000000ec300000,0x00000000ec300000)
  to   space 5120K, 0% used [0x00000000ebd00000,0x00000000ebd00000,0x00000000ec200000)
 ParOldGen       total 68608K, used 32199K [0x00000000c0000000, 0x00000000c4300000, 0x00000000eab00000)
  object space 68608K, 46% used [0x00000000c0000000,0x00000000c1f71e00,0x00000000c4300000)
 Metaspace       used 50905K, committed 51712K, reserved 1097728K
  class space    used 5583K, committed 5952K, reserved 1048576K
}
Event: 46.238 GC heap after
{Heap after GC invocations=21 (full 2):
 PSYoungGen      total 20992K, used 2176K [0x00000000eab00000, 0x00000000ec300000, 0x0000000100000000)
  eden space 18432K, 0% used [0x00000000eab00000,0x00000000eab00000,0x00000000ebd00000)
  from space 2560K, 85% used [0x00000000ebd00000,0x00000000ebf20000,0x00000000ebf80000)
  to   space 3072K, 0% used [0x00000000ec000000,0x00000000ec000000,0x00000000ec300000)
 ParOldGen       total 68608K, used 33262K [0x00000000c0000000, 0x00000000c4300000, 0x00000000eab00000)
  object space 68608K, 48% used [0x00000000c0000000,0x00000000c207b9c0,0x00000000c4300000)
 Metaspace       used 50905K, committed 51712K, reserved 1097728K
  class space    used 5583K, committed 5952K, reserved 1048576K
}
Event: 46.314 GC heap before
{Heap before GC invocations=22 (full 2):
 PSYoungGen      total 20992K, used 20608K [0x00000000eab00000, 0x00000000ec300000, 0x0000000100000000)
  eden space 18432K, 100% used [0x00000000eab00000,0x00000000ebd00000,0x00000000ebd00000)
  from space 2560K, 85% used [0x00000000ebd00000,0x00000000ebf20000,0x00000000ebf80000)
  to   space 3072K, 0% used [0x00000000ec000000,0x00000000ec000000,0x00000000ec300000)
 ParOldGen       total 68608K, used 33262K [0x00000000c0000000, 0x00000000c4300000, 0x00000000eab00000)
  object space 68608K, 48% used [0x00000000c0000000,0x00000000c207b9c0,0x00000000c4300000)
 Metaspace       used 50905K, committed 51712K, reserved 1097728K
  class space    used 5583K, committed 5952K, reserved 1048576K
}
Event: 46.320 GC heap after
{Heap after GC invocations=22 (full 2):
 PSYoungGen      total 20992K, used 2208K [0x00000000eab00000, 0x00000000ec280000, 0x0000000100000000)
  eden space 18432K, 0% used [0x00000000eab00000,0x00000000eab00000,0x00000000ebd00000)
  from space 2560K, 86% used [0x00000000ec000000,0x00000000ec228010,0x00000000ec280000)
  to   space 2560K, 0% used [0x00000000ebd00000,0x00000000ebd00000,0x00000000ebf80000)
 ParOldGen       total 68608K, used 35318K [0x00000000c0000000, 0x00000000c4300000, 0x00000000eab00000)
  object space 68608K, 51% used [0x00000000c0000000,0x00000000c227d9c0,0x00000000c4300000)
 Metaspace       used 50905K, committed 51712K, reserved 1097728K
  class space    used 5583K, committed 5952K, reserved 1048576K
}
Event: 47.163 GC heap before
{Heap before GC invocations=23 (full 2):
 PSYoungGen      total 20992K, used 20640K [0x00000000eab00000, 0x00000000ec280000, 0x0000000100000000)
  eden space 18432K, 100% used [0x00000000eab00000,0x00000000ebd00000,0x00000000ebd00000)
  from space 2560K, 86% used [0x00000000ec000000,0x00000000ec228010,0x00000000ec280000)
  to   space 2560K, 0% used [0x00000000ebd00000,0x00000000ebd00000,0x00000000ebf80000)
 ParOldGen       total 68608K, used 35318K [0x00000000c0000000, 0x00000000c4300000, 0x00000000eab00000)
  object space 68608K, 51% used [0x00000000c0000000,0x00000000c227d9c0,0x00000000c4300000)
 Metaspace       used 52380K, committed 53120K, reserved 1097728K
  class space    used 5710K, committed 6080K, reserved 1048576K
}
Event: 47.169 GC heap after
{Heap after GC invocations=23 (full 2):
 PSYoungGen      total 20480K, used 1696K [0x00000000eab00000, 0x00000000ec100000, 0x0000000100000000)
  eden space 18432K, 0% used [0x00000000eab00000,0x00000000eab00000,0x00000000ebd00000)
  from space 2048K, 82% used [0x00000000ebd00000,0x00000000ebea8000,0x00000000ebf00000)
  to   space 2048K, 0% used [0x00000000ebf00000,0x00000000ebf00000,0x00000000ec100000)
 ParOldGen       total 68608K, used 37388K [0x00000000c0000000, 0x00000000c4300000, 0x00000000eab00000)
  object space 68608K, 54% used [0x00000000c0000000,0x00000000c2483250,0x00000000c4300000)
 Metaspace       used 52380K, committed 53120K, reserved 1097728K
  class space    used 5710K, committed 6080K, reserved 1048576K
}
Event: 48.762 GC heap before
{Heap before GC invocations=24 (full 2):
 PSYoungGen      total 20480K, used 20070K [0x00000000eab00000, 0x00000000ec100000, 0x0000000100000000)
  eden space 18432K, 99% used [0x00000000eab00000,0x00000000ebcf1820,0x00000000ebd00000)
  from space 2048K, 82% used [0x00000000ebd00000,0x00000000ebea8000,0x00000000ebf00000)
  to   space 2048K, 0% used [0x00000000ebf00000,0x00000000ebf00000,0x00000000ec100000)
 ParOldGen       total 68608K, used 37388K [0x00000000c0000000, 0x00000000c4300000, 0x00000000eab00000)
  object space 68608K, 54% used [0x00000000c0000000,0x00000000c2483250,0x00000000c4300000)
 Metaspace       used 53759K, committed 54592K, reserved 1105920K
  class space    used 5898K, committed 6272K, reserved 1048576K
}
Event: 48.766 GC heap after
{Heap after GC invocations=24 (full 2):
 PSYoungGen      total 19456K, used 746K [0x00000000eab00000, 0x00000000ec000000, 0x0000000100000000)
  eden space 18432K, 0% used [0x00000000eab00000,0x00000000eab00000,0x00000000ebd00000)
  from space 1024K, 72% used [0x00000000ebf00000,0x00000000ebfbaa88,0x00000000ec000000)
  to   space 1536K, 0% used [0x00000000ebd00000,0x00000000ebd00000,0x00000000ebe80000)
 ParOldGen       total 68608K, used 38956K [0x00000000c0000000, 0x00000000c4300000, 0x00000000eab00000)
  object space 68608K, 56% used [0x00000000c0000000,0x00000000c260b250,0x00000000c4300000)
 Metaspace       used 53759K, committed 54592K, reserved 1105920K
  class space    used 5898K, committed 6272K, reserved 1048576K
}
Event: 49.843 GC heap before
{Heap before GC invocations=25 (full 2):
 PSYoungGen      total 19456K, used 19178K [0x00000000eab00000, 0x00000000ec000000, 0x0000000100000000)
  eden space 18432K, 100% used [0x00000000eab00000,0x00000000ebd00000,0x00000000ebd00000)
  from space 1024K, 72% used [0x00000000ebf00000,0x00000000ebfbaa88,0x00000000ec000000)
  to   space 1536K, 0% used [0x00000000ebd00000,0x00000000ebd00000,0x00000000ebe80000)
 ParOldGen       total 68608K, used 38956K [0x00000000c0000000, 0x00000000c4300000, 0x00000000eab00000)
  object space 68608K, 56% used [0x00000000c0000000,0x00000000c260b250,0x00000000c4300000)
 Metaspace       used 54919K, committed 55744K, reserved 1105920K
  class space    used 5994K, committed 6400K, reserved 1048576K
}
Event: 49.850 GC heap after
{Heap after GC invocations=25 (full 2):
 PSYoungGen      total 19968K, used 1434K [0x00000000eab00000, 0x00000000ec100000, 0x0000000100000000)
  eden space 18432K, 0% used [0x00000000eab00000,0x00000000eab00000,0x00000000ebd00000)
  from space 1536K, 93% used [0x00000000ebd00000,0x00000000ebe66848,0x00000000ebe80000)
  to   space 2048K, 0% used [0x00000000ebf00000,0x00000000ebf00000,0x00000000ec100000)
 ParOldGen       total 68608K, used 39589K [0x00000000c0000000, 0x00000000c4300000, 0x00000000eab00000)
  object space 68608K, 57% used [0x00000000c0000000,0x00000000c26a9758,0x00000000c4300000)
 Metaspace       used 54919K, committed 55744K, reserved 1105920K
  class space    used 5994K, committed 6400K, reserved 1048576K
}
Event: 50.030 GC heap before
{Heap before GC invocations=26 (full 2):
 PSYoungGen      total 19968K, used 19866K [0x00000000eab00000, 0x00000000ec100000, 0x0000000100000000)
  eden space 18432K, 100% used [0x00000000eab00000,0x00000000ebd00000,0x00000000ebd00000)
  from space 1536K, 93% used [0x00000000ebd00000,0x00000000ebe66848,0x00000000ebe80000)
  to   space 2048K, 0% used [0x00000000ebf00000,0x00000000ebf00000,0x00000000ec100000)
 ParOldGen       total 68608K, used 39589K [0x00000000c0000000, 0x00000000c4300000, 0x00000000eab00000)
  object space 68608K, 57% used [0x00000000c0000000,0x00000000c26a9758,0x00000000c4300000)
 Metaspace       used 54946K, committed 55744K, reserved 1105920K
  class space    used 5994K, committed 6400K, reserved 1048576K
}
Event: 50.035 GC heap after
{Heap after GC invocations=26 (full 2):
 PSYoungGen      total 19456K, used 892K [0x00000000eab00000, 0x00000000ec000000, 0x0000000100000000)
  eden space 18432K, 0% used [0x00000000eab00000,0x00000000eab00000,0x00000000ebd00000)
  from space 1024K, 87% used [0x00000000ebf00000,0x00000000ebfdf250,0x00000000ec000000)
  to   space 1536K, 0% used [0x00000000ebd00000,0x00000000ebd00000,0x00000000ebe80000)
 ParOldGen       total 68608K, used 40310K [0x00000000c0000000, 0x00000000c4300000, 0x00000000eab00000)
  object space 68608K, 58% used [0x00000000c0000000,0x00000000c275d998,0x00000000c4300000)
 Metaspace       used 54946K, committed 55744K, reserved 1105920K
  class space    used 5994K, committed 6400K, reserved 1048576K
}
Event: 50.892 GC heap before
{Heap before GC invocations=27 (full 2):
 PSYoungGen      total 19456K, used 19324K [0x00000000eab00000, 0x00000000ec000000, 0x0000000100000000)
  eden space 18432K, 100% used [0x00000000eab00000,0x00000000ebd00000,0x00000000ebd00000)
  from space 1024K, 87% used [0x00000000ebf00000,0x00000000ebfdf250,0x00000000ec000000)
  to   space 1536K, 0% used [0x00000000ebd00000,0x00000000ebd00000,0x00000000ebe80000)
 ParOldGen       total 68608K, used 40310K [0x00000000c0000000, 0x00000000c4300000, 0x00000000eab00000)
  object space 68608K, 58% used [0x00000000c0000000,0x00000000c275d998,0x00000000c4300000)
 Metaspace       used 56851K, committed 57792K, reserved 1105920K
  class space    used 6169K, committed 6592K, reserved 1048576K
}
Event: 50.896 GC heap after
{Heap after GC invocations=27 (full 2):
 PSYoungGen      total 19968K, used 544K [0x00000000eab00000, 0x00000000ebf80000, 0x0000000100000000)
  eden space 18432K, 0% used [0x00000000eab00000,0x00000000eab00000,0x00000000ebd00000)
  from space 1536K, 35% used [0x00000000ebd00000,0x00000000ebd88000,0x00000000ebe80000)
  to   space 1024K, 0% used [0x00000000ebe80000,0x00000000ebe80000,0x00000000ebf80000)
 ParOldGen       total 68608K, used 40326K [0x00000000c0000000, 0x00000000c4300000, 0x00000000eab00000)
  object space 68608K, 58% used [0x00000000c0000000,0x00000000c2761998,0x00000000c4300000)
 Metaspace       used 56851K, committed 57792K, reserved 1105920K
  class space    used 6169K, committed 6592K, reserved 1048576K
}
Event: 51.386 GC heap before
{Heap before GC invocations=28 (full 2):
 PSYoungGen      total 19968K, used 18916K [0x00000000eab00000, 0x00000000ebf80000, 0x0000000100000000)
  eden space 18432K, 99% used [0x00000000eab00000,0x00000000ebcf1330,0x00000000ebd00000)
  from space 1536K, 35% used [0x00000000ebd00000,0x00000000ebd88000,0x00000000ebe80000)
  to   space 1024K, 0% used [0x00000000ebe80000,0x00000000ebe80000,0x00000000ebf80000)
 ParOldGen       total 68608K, used 40326K [0x00000000c0000000, 0x00000000c4300000, 0x00000000eab00000)
  object space 68608K, 58% used [0x00000000c0000000,0x00000000c2761998,0x00000000c4300000)
 Metaspace       used 57494K, committed 58368K, reserved 1105920K
  class space    used 6226K, committed 6592K, reserved 1048576K
}
Event: 51.389 GC heap after
{Heap after GC invocations=28 (full 2):
 PSYoungGen      total 19456K, used 633K [0x00000000eab00000, 0x00000000ebf80000, 0x0000000100000000)
  eden space 18432K, 0% used [0x00000000eab00000,0x00000000eab00000,0x00000000ebd00000)
  from space 1024K, 61% used [0x00000000ebe80000,0x00000000ebf1e470,0x00000000ebf80000)
  to   space 1024K, 0% used [0x00000000ebd80000,0x00000000ebd80000,0x00000000ebe80000)
 ParOldGen       total 68608K, used 40711K [0x00000000c0000000, 0x00000000c4300000, 0x00000000eab00000)
  object space 68608K, 59% used [0x00000000c0000000,0x00000000c27c1c78,0x00000000c4300000)
 Metaspace       used 57494K, committed 58368K, reserved 1105920K
  class space    used 6226K, committed 6592K, reserved 1048576K
}
Event: 51.976 GC heap before
{Heap before GC invocations=29 (full 2):
 PSYoungGen      total 19456K, used 9415K [0x00000000eab00000, 0x00000000ebf80000, 0x0000000100000000)
  eden space 18432K, 47% used [0x00000000eab00000,0x00000000eb393990,0x00000000ebd00000)
  from space 1024K, 61% used [0x00000000ebe80000,0x00000000ebf1e470,0x00000000ebf80000)
  to   space 1024K, 0% used [0x00000000ebd80000,0x00000000ebd80000,0x00000000ebe80000)
 ParOldGen       total 68608K, used 40711K [0x00000000c0000000, 0x00000000c4300000, 0x00000000eab00000)
  object space 68608K, 59% used [0x00000000c0000000,0x00000000c27c1c78,0x00000000c4300000)
 Metaspace       used 58873K, committed 59776K, reserved 1105920K
  class space    used 6391K, committed 6784K, reserved 1048576K
}
Event: 51.979 GC heap after
{Heap after GC invocations=29 (full 2):
 PSYoungGen      total 19456K, used 424K [0x00000000eab00000, 0x00000000ebf00000, 0x0000000100000000)
  eden space 18432K, 0% used [0x00000000eab00000,0x00000000eab00000,0x00000000ebd00000)
  from space 1024K, 41% used [0x00000000ebd80000,0x00000000ebdea0b8,0x00000000ebe80000)
  to   space 512K, 0% used [0x00000000ebe80000,0x00000000ebe80000,0x00000000ebf00000)
 ParOldGen       total 68608K, used 41141K [0x00000000c0000000, 0x00000000c4300000, 0x00000000eab00000)
  object space 68608K, 59% used [0x00000000c0000000,0x00000000c282d440,0x00000000c4300000)
 Metaspace       used 58873K, committed 59776K, reserved 1105920K
  class space    used 6391K, committed 6784K, reserved 1048576K
}
Event: 51.979 GC heap before
{Heap before GC invocations=30 (full 3):
 PSYoungGen      total 19456K, used 424K [0x00000000eab00000, 0x00000000ebf00000, 0x0000000100000000)
  eden space 18432K, 0% used [0x00000000eab00000,0x00000000eab00000,0x00000000ebd00000)
  from space 1024K, 41% used [0x00000000ebd80000,0x00000000ebdea0b8,0x00000000ebe80000)
  to   space 512K, 0% used [0x00000000ebe80000,0x00000000ebe80000,0x00000000ebf00000)
 ParOldGen       total 68608K, used 41141K [0x00000000c0000000, 0x00000000c4300000, 0x00000000eab00000)
  object space 68608K, 59% used [0x00000000c0000000,0x00000000c282d440,0x00000000c4300000)
 Metaspace       used 58873K, committed 59776K, reserved 1105920K
  class space    used 6391K, committed 6784K, reserved 1048576K
}
Event: 52.090 GC heap after
{Heap after GC invocations=30 (full 3):
 PSYoungGen      total 19456K, used 0K [0x00000000eab00000, 0x00000000ebf00000, 0x0000000100000000)
  eden space 18432K, 0% used [0x00000000eab00000,0x00000000eab00000,0x00000000ebd00000)
  from space 1024K, 0% used [0x00000000ebd80000,0x00000000ebd80000,0x00000000ebe80000)
  to   space 512K, 0% used [0x00000000ebe80000,0x00000000ebe80000,0x00000000ebf00000)
 ParOldGen       total 68608K, used 33255K [0x00000000c0000000, 0x00000000c4300000, 0x00000000eab00000)
  object space 68608K, 48% used [0x00000000c0000000,0x00000000c2079df0,0x00000000c4300000)
 Metaspace       used 58873K, committed 59776K, reserved 1105920K
  class space    used 6391K, committed 6784K, reserved 1048576K
}

Deoptimization events (20 events):
Event: 53.006 Thread 0x0000023f63af0a00 Uncommon trap: trap_request=0xffffffc6 fr.pc=0x0000023f551563e4 relative=0x00000000000008e4
Event: 53.006 Thread 0x0000023f63af0a00 Uncommon trap: reason=bimorphic_or_optimized_type_check action=maybe_recompile pc=0x0000023f551563e4 method=java.util.HashMap.removeNode(ILjava/lang/Object;Ljava/lang/Object;ZZ)Ljava/util/HashMap$Node; @ 68 c2
Event: 53.006 Thread 0x0000023f63af0a00 DEOPT PACKING pc=0x0000023f551563e4 sp=0x000000edeb4fcf40
Event: 53.006 Thread 0x0000023f63af0a00 DEOPT UNPACKING pc=0x0000023f4d6520a3 sp=0x000000edeb4fce58 mode 2
Event: 53.009 Thread 0x0000023f63af0a00 Uncommon trap: trap_request=0xffffffc6 fr.pc=0x0000023f551563e4 relative=0x00000000000008e4
Event: 53.009 Thread 0x0000023f63af0a00 Uncommon trap: reason=bimorphic_or_optimized_type_check action=maybe_recompile pc=0x0000023f551563e4 method=java.util.HashMap.removeNode(ILjava/lang/Object;Ljava/lang/Object;ZZ)Ljava/util/HashMap$Node; @ 68 c2
Event: 53.009 Thread 0x0000023f63af0a00 DEOPT PACKING pc=0x0000023f551563e4 sp=0x000000edeb4fd210
Event: 53.009 Thread 0x0000023f63af0a00 DEOPT UNPACKING pc=0x0000023f4d6520a3 sp=0x000000edeb4fd138 mode 2
Event: 53.010 Thread 0x0000023f63af0a00 Uncommon trap: trap_request=0xffffffc6 fr.pc=0x0000023f551563e4 relative=0x00000000000008e4
Event: 53.010 Thread 0x0000023f63af0a00 Uncommon trap: reason=bimorphic_or_optimized_type_check action=maybe_recompile pc=0x0000023f551563e4 method=java.util.HashMap.removeNode(ILjava/lang/Object;Ljava/lang/Object;ZZ)Ljava/util/HashMap$Node; @ 68 c2
Event: 53.010 Thread 0x0000023f63af0a00 DEOPT PACKING pc=0x0000023f551563e4 sp=0x000000edeb4fd180
Event: 53.010 Thread 0x0000023f63af0a00 DEOPT UNPACKING pc=0x0000023f4d6520a3 sp=0x000000edeb4fd0a8 mode 2
Event: 53.069 Thread 0x0000023f63af0a00 Uncommon trap: trap_request=0xffffff45 fr.pc=0x0000023f55160330 relative=0x00000000000000b0
Event: 53.069 Thread 0x0000023f63af0a00 Uncommon trap: reason=unstable_if action=reinterpret pc=0x0000023f55160330 method=java.util.Hashtable$Enumerator.nextElement()Ljava/lang/Object; @ 87 c2
Event: 53.070 Thread 0x0000023f63af0a00 DEOPT PACKING pc=0x0000023f55160330 sp=0x000000edeb4fd730
Event: 53.070 Thread 0x0000023f63af0a00 DEOPT UNPACKING pc=0x0000023f4d6520a3 sp=0x000000edeb4fd658 mode 2
Event: 53.094 Thread 0x0000023f63af0a00 Uncommon trap: trap_request=0xffffff45 fr.pc=0x0000023f551798c4 relative=0x0000000000000764
Event: 53.094 Thread 0x0000023f63af0a00 Uncommon trap: reason=unstable_if action=reinterpret pc=0x0000023f551798c4 method=java.util.regex.Pattern.atom()Ljava/util/regex/Pattern$Node; @ 14 c2
Event: 53.094 Thread 0x0000023f63af0a00 DEOPT PACKING pc=0x0000023f551798c4 sp=0x000000edeb4fcce0
Event: 53.094 Thread 0x0000023f63af0a00 DEOPT UNPACKING pc=0x0000023f4d6520a3 sp=0x000000edeb4fcc78 mode 2

Classes unloaded (7 events):
Event: 28.370 Thread 0x0000023f4aa35c90 Unloading class 0x000000010021d400 'java/lang/invoke/LambdaForm$MH+0x000000010021d400'
Event: 28.370 Thread 0x0000023f4aa35c90 Unloading class 0x000000010021d000 'java/lang/invoke/LambdaForm$MH+0x000000010021d000'
Event: 28.370 Thread 0x0000023f4aa35c90 Unloading class 0x000000010021cc00 'java/lang/invoke/LambdaForm$MH+0x000000010021cc00'
Event: 28.370 Thread 0x0000023f4aa35c90 Unloading class 0x000000010021c800 'java/lang/invoke/LambdaForm$MH+0x000000010021c800'
Event: 28.370 Thread 0x0000023f4aa35c90 Unloading class 0x000000010021c000 'java/lang/invoke/LambdaForm$BMH+0x000000010021c000'
Event: 28.370 Thread 0x0000023f4aa35c90 Unloading class 0x000000010021bc00 'java/lang/invoke/LambdaForm$DMH+0x000000010021bc00'
Event: 28.370 Thread 0x0000023f4aa35c90 Unloading class 0x0000000100218400 'java/lang/invoke/LambdaForm$DMH+0x0000000100218400'

Classes redefined (0 events):
No events

Internal exceptions (20 events):
Event: 50.821 Thread 0x0000023f61aed060 Exception <a 'java/io/FileNotFoundException'{0x00000000ebb75a40}> (0x00000000ebb75a40) 
thrown [s\src\hotspot\share\prims\jni.cpp, line 516]
Event: 50.822 Thread 0x0000023f63af0a00 Exception <a 'sun/nio/fs/WindowsException'{0x00000000ebb768a0}> (0x00000000ebb768a0) 
thrown [s\src\hotspot\share\prims\jni.cpp, line 516]
Event: 50.848 Thread 0x0000023f63af0a00 Exception <a 'java/lang/NoSuchMethodError'{0x00000000ebbd3690}: 'java.lang.Object java.lang.invoke.DirectMethodHandle$Holder.invokeStatic(java.lang.Object, java.lang.Object, int, java.lang.Object)'> (0x00000000ebbd3690) 
thrown [s\src\hotspot\share\interpreter\linkResolver.cpp, line 759]
Event: 50.849 Thread 0x0000023f63af0a00 Exception <a 'java/lang/NoSuchMethodError'{0x00000000ebbf8948}: 'java.lang.Object java.lang.invoke.DirectMethodHandle$Holder.newInvokeSpecial(java.lang.Object, java.lang.Object, int)'> (0x00000000ebbf8948) 
thrown [s\src\hotspot\share\interpreter\linkResolver.cpp, line 759]
Event: 50.877 Thread 0x0000023f63af0a00 Exception <a 'java/lang/NoSuchMethodError'{0x00000000ebcd2a60}: 'java.lang.Object java.lang.invoke.DirectMethodHandle$Holder.invokeInterface(java.lang.Object, java.lang.Object, java.lang.Object)'> (0x00000000ebcd2a60) 
thrown [s\src\hotspot\share\interpreter\linkResolver.cpp, line 759]
Event: 50.880 Thread 0x0000023f63af13a0 Exception <a 'java/lang/NoSuchMethodError'{0x00000000ebc67700}: 'java.lang.Object java.lang.invoke.DirectMethodHandle$Holder.invokeStatic(java.lang.Object, java.lang.Object, java.lang.Object, long)'> (0x00000000ebc67700) 
thrown [s\src\hotspot\share\interpreter\linkResolver.cpp, line 759]
Event: 50.882 Thread 0x0000023f63af13a0 Exception <a 'java/lang/NoSuchMethodError'{0x00000000ebc6f0a0}: 'java.lang.Object java.lang.invoke.DirectMethodHandle$Holder.newInvokeSpecial(java.lang.Object, java.lang.Object, java.lang.Object, long)'> (0x00000000ebc6f0a0) 
thrown [s\src\hotspot\share\interpreter\linkResolver.cpp, line 759]
Event: 50.883 Thread 0x0000023f63af13a0 Exception <a 'java/lang/NoSuchMethodError'{0x00000000ebc731b8}: 'java.lang.Object java.lang.invoke.DirectMethodHandle$Holder.invokeSpecial(java.lang.Object, java.lang.Object, java.lang.Object, java.lang.Object, long)'> (0x00000000ebc731b8) 
thrown [s\src\hotspot\share\interpreter\linkResolver.cpp, line 759]
Event: 50.883 Thread 0x0000023f63af13a0 Exception <a 'java/lang/NoSuchMethodError'{0x00000000ebc76d88}: 'java.lang.Object java.lang.invoke.Invokers$Holder.linkToTargetMethod(java.lang.Object, java.lang.Object, long, java.lang.Object)'> (0x00000000ebc76d88) 
thrown [s\src\hotspot\share\interpreter\linkResolver.cpp, line 759]
Event: 50.891 Thread 0x0000023f63af13a0 Exception <a 'java/lang/NoSuchMethodError'{0x00000000ebce6f18}: 'int java.lang.invoke.DirectMethodHandle$Holder.invokeStatic(java.lang.Object)'> (0x00000000ebce6f18) 
thrown [s\src\hotspot\share\interpreter\linkResolver.cpp, line 759]
Event: 50.931 Thread 0x0000023f61aee870 Exception <a 'sun/nio/fs/WindowsException'{0x00000000eac14b28}> (0x00000000eac14b28) 
thrown [s\src\hotspot\share\prims\jni.cpp, line 516]
Event: 50.932 Thread 0x0000023f61aee870 Exception <a 'sun/nio/fs/WindowsException'{0x00000000eac14ef8}> (0x00000000eac14ef8) 
thrown [s\src\hotspot\share\prims\jni.cpp, line 516]
Event: 50.950 Thread 0x0000023f63af13a0 Exception <a 'java/io/FileNotFoundException'{0x00000000eac4dcb8}> (0x00000000eac4dcb8) 
thrown [s\src\hotspot\share\prims\jni.cpp, line 516]
Event: 50.951 Thread 0x0000023f63af13a0 Exception <a 'java/io/FileNotFoundException'{0x00000000eac4fb38}> (0x00000000eac4fb38) 
thrown [s\src\hotspot\share\prims\jni.cpp, line 516]
Event: 50.952 Thread 0x0000023f63af13a0 Exception <a 'java/io/FileNotFoundException'{0x00000000eac51118}> (0x00000000eac51118) 
thrown [s\src\hotspot\share\prims\jni.cpp, line 516]
Event: 51.709 Thread 0x0000023f63af0a00 Exception <a 'java/io/FileNotFoundException'{0x00000000eaf7a980}> (0x00000000eaf7a980) 
thrown [s\src\hotspot\share\prims\jni.cpp, line 516]
Event: 52.229 Thread 0x0000023f63af0a00 Exception <a 'java/lang/NoSuchMethodError'{0x00000000eadb0120}: 'int java.lang.invoke.DirectMethodHandle$Holder.invokeStatic(java.lang.Object, java.lang.Object, java.lang.Object, int)'> (0x00000000eadb0120) 
thrown [s\src\hotspot\share\interpreter\linkResolver.cpp, line 759]
Event: 52.288 Thread 0x0000023f63af0a00 Exception <a 'java/lang/NoSuchMethodError'{0x00000000eae6c690}: 'int java.lang.invoke.DirectMethodHandle$Holder.invokeVirtual(java.lang.Object, java.lang.Object, java.lang.Object)'> (0x00000000eae6c690) 
thrown [s\src\hotspot\share\interpreter\linkResolver.cpp, line 759]
Event: 52.299 Thread 0x0000023f63af0a00 Exception <a 'java/lang/NoSuchMethodError'{0x00000000eae8ff18}: 'int java.lang.invoke.DirectMethodHandle$Holder.invokeSpecialIFC(java.lang.Object, java.lang.Object, java.lang.Object)'> (0x00000000eae8ff18) 
thrown [s\src\hotspot\share\interpreter\linkResolver.cpp, line 759]
Event: 52.458 Thread 0x0000023f63af0a00 Exception <a 'java/io/FileNotFoundException'{0x00000000eb107b40}> (0x00000000eb107b40) 
thrown [s\src\hotspot\share\prims\jni.cpp, line 516]

VM Operations (20 events):
Event: 50.036 Executing VM operation: ParallelGCFailedAllocation done
Event: 50.382 Executing VM operation: HandshakeAllThreads
Event: 50.382 Executing VM operation: HandshakeAllThreads done
Event: 50.892 Executing VM operation: ParallelGCFailedAllocation
Event: 50.896 Executing VM operation: ParallelGCFailedAllocation done
Event: 51.386 Executing VM operation: ParallelGCFailedAllocation
Event: 51.389 Executing VM operation: ParallelGCFailedAllocation done
Event: 51.589 Executing VM operation: HandshakeAllThreads
Event: 51.590 Executing VM operation: HandshakeAllThreads done
Event: 51.781 Executing VM operation: HandshakeAllThreads
Event: 51.781 Executing VM operation: HandshakeAllThreads done
Event: 51.949 Executing VM operation: HandshakeAllThreads
Event: 51.949 Executing VM operation: HandshakeAllThreads done
Event: 51.975 Executing VM operation: CollectForMetadataAllocation
Event: 52.090 Executing VM operation: CollectForMetadataAllocation done
Event: 52.291 Executing VM operation: HandshakeAllThreads
Event: 52.292 Executing VM operation: HandshakeAllThreads done
Event: 52.309 Executing VM operation: HandshakeAllThreads
Event: 52.309 Executing VM operation: HandshakeAllThreads done
Event: 53.309 Executing VM operation: Cleanup

Events (20 events):
Event: 52.289 loading class java/util/stream/ReduceOps$4
Event: 52.290 loading class java/util/stream/ReduceOps$4 done
Event: 52.292 loading class java/util/stream/ReduceOps$4ReducingSink
Event: 52.292 loading class java/util/stream/ReduceOps$4ReducingSink done
Event: 52.482 loading class java/util/concurrent/ForkJoinTask$AdaptedCallable
Event: 52.483 loading class java/util/concurrent/ForkJoinTask$AdaptedCallable done
Event: 52.483 loading class java/util/concurrent/CountedCompleter
Event: 52.484 loading class java/util/concurrent/CountedCompleter done
Event: 52.885 Thread 0x0000023f63af3a20 Thread exited: 0x0000023f63af3a20
Event: 52.885 Thread 0x0000023f63af3ef0 Thread exited: 0x0000023f63af3ef0
Event: 52.885 Thread 0x0000023f63af43c0 Thread exited: 0x0000023f63af43c0
Event: 52.885 Thread 0x0000023f63af2bb0 Thread exited: 0x0000023f63af2bb0
Event: 52.885 Thread 0x0000023f63af2210 Thread exited: 0x0000023f63af2210
Event: 52.885 Thread 0x0000023f63af3550 Thread exited: 0x0000023f63af3550
Event: 52.886 Thread 0x0000023f63af1870 Thread exited: 0x0000023f63af1870
Event: 52.900 Thread 0x0000023f63af4890 Thread exited: 0x0000023f63af4890
Event: 52.916 Thread 0x0000023f63af0060 Thread exited: 0x0000023f63af0060
Event: 52.922 Thread 0x0000023f63af0530 Thread exited: 0x0000023f63af0530
Event: 52.923 Thread 0x0000023f63af3080 Thread exited: 0x0000023f63af3080
Event: 52.923 Thread 0x0000023f63af0ed0 Thread exited: 0x0000023f63af0ed0


Dynamic libraries:
0x00007ff6d1120000 - 0x00007ff6d112e000 	c:\Users\prath\.antigravity\extensions\redhat.java-1.12.0-win32-x64\jre\17.0.4.1-win32-x86_64\bin\java.exe
0x00007ffcb5b60000 - 0x00007ffcb5dc7000 	C:\WINDOWS\SYSTEM32\ntdll.dll
0x00007ffcb39f0000 - 0x00007ffcb3ab9000 	C:\WINDOWS\System32\KERNEL32.DLL
0x00007ffcb2c90000 - 0x00007ffcb3081000 	C:\WINDOWS\System32\KERNELBASE.dll
0x00007ffcb2440000 - 0x00007ffcb258b000 	C:\WINDOWS\System32\ucrtbase.dll
0x00007ffc55360000 - 0x00007ffc55378000 	c:\Users\prath\.antigravity\extensions\redhat.java-1.12.0-win32-x64\jre\17.0.4.1-win32-x86_64\bin\jli.dll
0x00007ffc80d00000 - 0x00007ffc80d19000 	c:\Users\prath\.antigravity\extensions\redhat.java-1.12.0-win32-x64\jre\17.0.4.1-win32-x86_64\bin\VCRUNTIME140.dll
0x00007ffcb3b80000 - 0x00007ffcb3d45000 	C:\WINDOWS\System32\USER32.dll
0x00007ffcb2810000 - 0x00007ffcb2837000 	C:\WINDOWS\System32\win32u.dll
0x00007ffc9f3b0000 - 0x00007ffc9f643000 	C:\WINDOWS\WinSxS\amd64_microsoft.windows.common-controls_6595b64144ccf1df_6.0.26100.8037_none_3e092faae333b53b\COMCTL32.dll
0x00007ffcb39c0000 - 0x00007ffcb39eb000 	C:\WINDOWS\System32\GDI32.dll
0x00007ffcb3d50000 - 0x00007ffcb3df9000 	C:\WINDOWS\System32\msvcrt.dll
0x00007ffcb2590000 - 0x00007ffcb26bb000 	C:\WINDOWS\System32\gdi32full.dll
0x00007ffcb2840000 - 0x00007ffcb28e3000 	C:\WINDOWS\System32\msvcp_win.dll
0x00007ffcb3980000 - 0x00007ffcb39b1000 	C:\WINDOWS\System32\IMM32.DLL
0x00007ffc9cc70000 - 0x00007ffc9cc7c000 	c:\Users\prath\.antigravity\extensions\redhat.java-1.12.0-win32-x64\jre\17.0.4.1-win32-x86_64\bin\vcruntime140_1.dll
0x00007ffc4e710000 - 0x00007ffc4e7a1000 	c:\Users\prath\.antigravity\extensions\redhat.java-1.12.0-win32-x64\jre\17.0.4.1-win32-x86_64\bin\msvcp140.dll
0x00007ffbcf700000 - 0x00007ffbd0346000 	c:\Users\prath\.antigravity\extensions\redhat.java-1.12.0-win32-x64\jre\17.0.4.1-win32-x86_64\bin\server\jvm.dll
0x00007ffcb5a60000 - 0x00007ffcb5b1b000 	C:\WINDOWS\System32\ADVAPI32.dll
0x00007ffcb53a0000 - 0x00007ffcb5447000 	C:\WINDOWS\System32\sechost.dll
0x00007ffcb5940000 - 0x00007ffcb5a58000 	C:\WINDOWS\System32\RPCRT4.dll
0x00007ffcb4240000 - 0x00007ffcb4248000 	C:\WINDOWS\System32\PSAPI.DLL
0x00007ffc949b0000 - 0x00007ffc949ba000 	C:\WINDOWS\SYSTEM32\WSOCK32.dll
0x00007ffcb3f80000 - 0x00007ffcb3ff4000 	C:\WINDOWS\System32\WS2_32.dll
0x00007ffcad8c0000 - 0x00007ffcad8f5000 	C:\WINDOWS\SYSTEM32\WINMM.dll
0x00007ffc99110000 - 0x00007ffc9911b000 	C:\WINDOWS\SYSTEM32\VERSION.dll
0x00007ffcb11d0000 - 0x00007ffcb11eb000 	C:\WINDOWS\SYSTEM32\kernel.appcore.dll
0x00007ffc895e0000 - 0x00007ffc895ea000 	c:\Users\prath\.antigravity\extensions\redhat.java-1.12.0-win32-x64\jre\17.0.4.1-win32-x86_64\bin\jimage.dll
0x00007ffcb0220000 - 0x00007ffcb0462000 	C:\WINDOWS\SYSTEM32\DBGHELP.DLL
0x00007ffcb5450000 - 0x00007ffcb57d2000 	C:\WINDOWS\System32\combase.dll
0x00007ffcb49c0000 - 0x00007ffcb4a97000 	C:\WINDOWS\System32\OLEAUT32.dll
0x00007ffc9c6e0000 - 0x00007ffc9c71b000 	C:\WINDOWS\SYSTEM32\dbgcore.DLL
0x00007ffcb2be0000 - 0x00007ffcb2c85000 	C:\WINDOWS\System32\bcryptPrimitives.dll
0x00007ffc87dd0000 - 0x00007ffc87dde000 	c:\Users\prath\.antigravity\extensions\redhat.java-1.12.0-win32-x64\jre\17.0.4.1-win32-x86_64\bin\instrument.dll
0x00007ffc4f8d0000 - 0x00007ffc4f8f5000 	c:\Users\prath\.antigravity\extensions\redhat.java-1.12.0-win32-x64\jre\17.0.4.1-win32-x86_64\bin\java.dll
0x00007ffc54050000 - 0x00007ffc54068000 	c:\Users\prath\.antigravity\extensions\redhat.java-1.12.0-win32-x64\jre\17.0.4.1-win32-x86_64\bin\zip.dll
0x00007ffcb4250000 - 0x00007ffcb49af000 	C:\WINDOWS\System32\SHELL32.dll
0x00007ffcb2a70000 - 0x00007ffcb2bda000 	C:\WINDOWS\System32\wintypes.dll
0x00007ffcb3090000 - 0x00007ffcb38f4000 	C:\WINDOWS\System32\windows.storage.dll
0x00007ffcb4b70000 - 0x00007ffcb4c67000 	C:\WINDOWS\System32\SHCORE.dll
0x00007ffcb4020000 - 0x00007ffcb4087000 	C:\WINDOWS\System32\shlwapi.dll
0x00007ffcb2360000 - 0x00007ffcb2389000 	C:\WINDOWS\SYSTEM32\profapi.dll
0x00007ffc51400000 - 0x00007ffc51419000 	C:\Users\prath\.antigravity\extensions\redhat.java-1.12.0-win32-x64\jre\17.0.4.1-win32-x86_64\bin\net.dll
0x00007ffc9dec0000 - 0x00007ffc9dfe7000 	C:\WINDOWS\SYSTEM32\WINHTTP.dll
0x00007ffcb1740000 - 0x00007ffcb17ab000 	C:\WINDOWS\system32\mswsock.dll
0x00007ffc502a0000 - 0x00007ffc502b5000 	C:\Users\prath\.antigravity\extensions\redhat.java-1.12.0-win32-x64\jre\17.0.4.1-win32-x86_64\bin\nio.dll
0x00007ffc869c0000 - 0x00007ffc869d0000 	c:\Users\prath\.antigravity\extensions\redhat.java-1.12.0-win32-x64\jre\17.0.4.1-win32-x86_64\bin\verify.dll
0x00007ffc4abf0000 - 0x00007ffc4ac2e000 	C:\Users\prath\AppData\Roaming\Antigravity\User\globalStorage\redhat.java\1.12.0\config_win\org.eclipse.equinox.launcher\org.eclipse.equinox.launcher.win32.win32.x86_64_1.2.600.v20220720-1916\eclipse_11700.dll
0x00007ffcb4090000 - 0x00007ffcb4225000 	C:\WINDOWS\System32\ole32.dll
0x00007ffcb1a20000 - 0x00007ffcb1a3b000 	C:\WINDOWS\SYSTEM32\CRYPTSP.dll
0x00007ffcb1130000 - 0x00007ffcb1169000 	C:\WINDOWS\system32\rsaenh.dll
0x00007ffcb17f0000 - 0x00007ffcb1822000 	C:\WINDOWS\SYSTEM32\USERENV.dll
0x00007ffcb2330000 - 0x00007ffcb235a000 	C:\WINDOWS\SYSTEM32\bcrypt.dll
0x00007ffcb1a40000 - 0x00007ffcb1a4c000 	C:\WINDOWS\SYSTEM32\CRYPTBASE.dll
0x00007ffcb0bc0000 - 0x00007ffcb0bf3000 	C:\WINDOWS\SYSTEM32\IPHLPAPI.DLL
0x00007ffcb4b50000 - 0x00007ffcb4b5a000 	C:\WINDOWS\System32\NSI.dll
0x00007ffc9e020000 - 0x00007ffc9e03d000 	C:\WINDOWS\SYSTEM32\dhcpcsvc6.DLL
0x00007ffc9dff0000 - 0x00007ffc9e013000 	C:\WINDOWS\SYSTEM32\dhcpcsvc.DLL
0x00007ffcb0c00000 - 0x00007ffcb0d2a000 	C:\WINDOWS\SYSTEM32\DNSAPI.dll
0x00007ffc4fb90000 - 0x00007ffc4fbd0000 	C:\Users\prath\AppData\Local\Temp\jna-106927443\jna9767639877708122490.dll
0x00007ffc9a860000 - 0x00007ffc9a86e000 	C:\Users\prath\.antigravity\extensions\redhat.java-1.12.0-win32-x64\jre\17.0.4.1-win32-x86_64\bin\sunmscapi.dll
0x00007ffcb28f0000 - 0x00007ffcb2a67000 	C:\WINDOWS\System32\CRYPT32.dll
0x00007ffcb1c40000 - 0x00007ffcb1c70000 	C:\WINDOWS\SYSTEM32\ncrypt.dll
0x00007ffcb1bf0000 - 0x00007ffcb1c2f000 	C:\WINDOWS\SYSTEM32\NTASN1.dll
0x00007ffca8610000 - 0x00007ffca861b000 	C:\Windows\System32\rasadhlp.dll
0x00007ffc9e040000 - 0x00007ffc9e0c6000 	C:\WINDOWS\System32\fwpuclnt.dll

dbghelp: loaded successfully - version: 4.0.5 - missing functions: none
symbol engine: initialized successfully - sym options: 0x614 - pdb path: .;c:\Users\prath\.antigravity\extensions\redhat.java-1.12.0-win32-x64\jre\17.0.4.1-win32-x86_64\bin;C:\WINDOWS\SYSTEM32;C:\WINDOWS\WinSxS\amd64_microsoft.windows.common-controls_6595b64144ccf1df_6.0.26100.8037_none_3e092faae333b53b;c:\Users\prath\.antigravity\extensions\redhat.java-1.12.0-win32-x64\jre\17.0.4.1-win32-x86_64\bin\server;C:\Users\prath\AppData\Roaming\Antigravity\User\globalStorage\redhat.java\1.12.0\config_win\org.eclipse.equinox.launcher\org.eclipse.equinox.launcher.win32.win32.x86_64_1.2.600.v20220720-1916;C:\Users\prath\AppData\Local\Temp\jna-106927443

VM Arguments:
jvm_args: --add-modules=ALL-SYSTEM --add-opens=java.base/java.util=ALL-UNNAMED --add-opens=java.base/java.lang=ALL-UNNAMED --add-opens=java.base/sun.nio.fs=ALL-UNNAMED -Declipse.application=org.eclipse.jdt.ls.core.id1 -Dosgi.bundles.defaultStartLevel=4 -Declipse.product=org.eclipse.jdt.ls.core.product -Djava.import.generatesMetadataFilesAtProjectRoot=false -Dfile.encoding=utf8 -XX:+UseParallelGC -XX:GCTimeRatio=4 -XX:AdaptiveSizePolicyWeight=90 -Dsun.zip.disableMemoryMapping=true -Xmx1G -Xms100m -Xlog:disable -javaagent:c:\Users\prath\.antigravity\extensions\redhat.java-1.12.0-win32-x64\lombok\lombok-1.18.24.jar -XX:+HeapDumpOnOutOfMemoryError -XX:HeapDumpPath=c:\Users\prath\AppData\Roaming\Antigravity\User\workspaceStorage\213774be42486f52675722a95d6b3a0b\redhat.java 
java_command: c:\Users\prath\.antigravity\extensions\redhat.java-1.12.0-win32-x64\server\plugins\org.eclipse.equinox.launcher_1.6.400.v20210924-0641.jar -configuration c:\Users\prath\AppData\Roaming\Antigravity\User\globalStorage\redhat.java\1.12.0\config_win -data c:\Users\prath\AppData\Roaming\Antigravity\User\workspaceStorage\213774be42486f52675722a95d6b3a0b\redhat.java\jdt_ws
java_class_path (initial): c:\Users\prath\.antigravity\extensions\redhat.java-1.12.0-win32-x64\server\plugins\org.eclipse.equinox.launcher_1.6.400.v20210924-0641.jar
Launcher Type: SUN_STANDARD

[Global flags]
    uintx AdaptiveSizePolicyWeight                 = 90                                        {product} {command line}
     intx CICompilerCount                          = 4                                         {product} {ergonomic}
    uintx GCTimeRatio                              = 4                                         {product} {command line}
     bool HeapDumpOnOutOfMemoryError               = true                                   {manageable} {command line}
    ccstr HeapDumpPath                             = c:\Users\prath\AppData\Roaming\Antigravity\User\workspaceStorage\213774be42486f52675722a95d6b3a0b\redhat.java         {manageable} {command line}
   size_t InitialHeapSize                          = 104857600                                 {product} {command line}
   size_t MaxHeapSize                              = 1073741824                                {product} {command line}
   size_t MaxNewSize                               = 357564416                                 {product} {ergonomic}
   size_t MinHeapDeltaBytes                        = 524288                                    {product} {ergonomic}
   size_t MinHeapSize                              = 104857600                                 {product} {command line}
   size_t NewSize                                  = 34603008                                  {product} {ergonomic}
    uintx NonNMethodCodeHeapSize                   = 5839372                                {pd product} {ergonomic}
    uintx NonProfiledCodeHeapSize                  = 122909434                              {pd product} {ergonomic}
   size_t OldSize                                  = 70254592                                  {product} {ergonomic}
    uintx ProfiledCodeHeapSize                     = 122909434                              {pd product} {ergonomic}
    uintx ReservedCodeCacheSize                    = 251658240                              {pd product} {ergonomic}
     bool SegmentedCodeCache                       = true                                      {product} {ergonomic}
   size_t SoftMaxHeapSize                          = 1073741824                             {manageable} {ergonomic}
     bool UseCompressedClassPointers               = true                           {product lp64_product} {ergonomic}
     bool UseCompressedOops                        = true                           {product lp64_product} {ergonomic}
     bool UseLargePagesIndividualAllocation        = false                                  {pd product} {ergonomic}
     bool UseParallelGC                            = true                                      {product} {command line}

Logging:
Log output configuration:
 #0: stdout all=off uptime,level,tags
 #1: stderr all=off uptime,level,tags

Environment Variables:
JAVA_HOME=C:\Program Files\Java\jdk-17
PATH=C:\Program Files\Java\jdk-17\bin;C:\Program Files (x86)\NVIDIA Corporation\PhysX\Common;C:\MinGW\bin;C:\Program Files\Common Files\Oracle\Java\javapath;C:\Program Files (x86)\Common Files\Oracle\Java\java8path;C:\Program Files (x86)\Common Files\Oracle\Java\javapath;C:\Users\prath\Scripts\;C:\Users\prath\;C:\WINDOWS\system32;C:\WINDOWS;C:\WINDOWS\System32\Wbem;C:\WINDOWS\System32\WindowsPowerShell\v1.0\;C:\WINDOWS\System32\OpenSSH\;C:\Program Files\dotnet\;C:\Program Files (x86)\Windows Kits\10\Windows Performance Toolkit\;C:\Program Files (x86)\Microsoft SQL Server\160\Tools\Binn\;C:\Program Files\Microsoft SQL Server\160\Tools\Binn\;C:\Program Files\Microsoft SQL Server\Client SDK\ODBC\170\Tools\Binn\;C:\Program Files\Microsoft SQL Server\160\DTS\Binn\;C:\Program Files (x86)\Windows Kits\8.1\Windows Performance Toolkit\;C:\Program Files\Apache\apachemaven\bin;C:\ProgramData\chocolatey\bin;C:\Users\prath\AppData\Local\Programs\Python\Python311\Scripts\;C:\Users\prath\AppData\Local\Programs\Python\Python311\;C:\Program Files\MySQL\MySQL Shell 8.0\bin\;C:\Users\prath\AppData\Local\Microsoft\WindowsApps;C:\Users\prath\AppData\Local\Programs\Microsoft VS Code\bin;C:\msys64\ucrt64\bin;C:\Program Files\Git\bin;;C:\Users\prath\.lmstudio\bin;C:\Users\prath\AppData\Local\Programs\Antigravity\bin;C:\Users\prath\AppData\Local\Microsoft\WindowsApps
USERNAME=prath
OS=Windows_NT
PROCESSOR_IDENTIFIER=Intel64 Family 6 Model 186 Stepping 3, GenuineIntel
TMP=C:\Users\prath\AppData\Local\Temp
TEMP=C:\Users\prath\AppData\Local\Temp



---------------  S Y S T E M  ---------------

OS:
 Windows 11 , 64 bit Build 26100 (10.0.26100.7920)
OS uptime: 10 days 22:20 hours
Hyper-V role detected

CPU: total 12 (initial active 12) (6 cores per cpu, 2 threads per core) family 6 model 186 stepping 3 microcode 0x4119, cx8, cmov, fxsr, ht, mmx, 3dnowpref, sse, sse2, sse3, ssse3, sse4.1, sse4.2, popcnt, lzcnt, tsc, tscinvbit, avx, avx2, aes, erms, clmul, bmi1, bmi2, adx, sha, fma, vzeroupper, clflush, clflushopt, clwb, hv

Memory: 4k page, system-wide physical 11999M (445M free)
TotalPageFile size 26999M (AvailPageFile size 61M)
current process WorkingSet (physical memory assigned to process): 268M, peak: 280M
current process commit charge ("private bytes"): 342M, peak: 356M

vm_info: OpenJDK 64-Bit Server VM (17.0.4.1+1) for windows-amd64 JRE (17.0.4.1+1), built on Aug 17 2022 07:42:43 by "temurin" with MS VC++ 16.7 (VS2019)

END.
